---
source: target/debug/build/tests-integration-d785e929c4a3c5a8/out/evaluating_generated.rs
assertion_line: 12
expression: report
---
module Main (evaluated)

value test = 42
logs:
  "Step 1"
  "Step 2"
  "Step 1"
  "Step 2"
  "Step 1"
  "Step 2"
  "Step 1"
  "Step 2"
  "Step 1"
  "Step 2"
  "Step 1"
  "Step 2"
  "Step 1"
  "Step 2"
  "Step 1"
  "Step 2"
  "Step 1"
  "Step 2"
  "Step 1"
  "Step 2"
  "Step 1"
  "Step 2"
