---
source: target/debug/build/tests-integration-d785e929c4a3c5a8/out/elaborating_generated.rs
assertion_line: 12
expression: report
---
module Main

value test =
  {
    "Literal": {
      "Object": {
        "res": {
          "App": [
            {
              "Var": {
                "Module": [
                  9,
                  5
                ]
              }
            },
            {
              "Literal": {
                "Int": 5
              }
            }
          ]
        },
        "check": {
          "App": [
            {
              "Var": {
                "Module": [
                  9,
                  6
                ]
              }
            },
            {
              "App": [
                {
                  "Constructor": [
                    9,
                    1
                  ]
                },
                {
                  "Literal": {
                    "Int": 1
                  }
                }
              ]
            }
          ]
        }
      }
    }
  }

value isJust =
  {
    "Abs": [
      {
        "Var": "m"
      },
      {
        "Case": [
          [
            {
              "Var": {
                "Local": "m"
              }
            }
          ],
          [
            {
              "binders": [
                {
                  "Constructor": [
                    9,
                    1,
                    [
                      "Wildcard"
                    ]
                  ]
                }
              ],
              "result": {
                "Expression": {
                  "Literal": {
                    "Boolean": true
                  }
                }
              }
            },
            {
              "binders": [
                {
                  "Constructor": [
                    9,
                    0,
                    []
                  ]
                }
              ],
              "result": {
                "Expression": {
                  "Literal": {
                    "Boolean": false
                  }
                }
              }
            }
          ]
        ]
      }
    ]
  }

value fib =
  {
    "Abs": [
      {
        "Var": "n"
      },
      {
        "Case": [
          [
            {
              "App": [
                {
                  "App": [
                    {
                      "Var": {
                        "Module": [
                          9,
                          4
                        ]
                      }
                    },
                    {
                      "Var": {
                        "Local": "n"
                      }
                    }
                  ]
                },
                {
                  "Literal": {
                    "Int": 0
                  }
                }
              ]
            }
          ],
          [
            {
              "binders": [
                {
                  "Literal": {
                    "Boolean": true
                  }
                }
              ],
              "result": {
                "Expression": {
                  "Literal": {
                    "Int": 0
                  }
                }
              }
            },
            {
              "binders": [
                {
                  "Literal": {
                    "Boolean": false
                  }
                }
              ],
              "result": {
                "Expression": {
                  "Case": [
                    [
                      {
                        "App": [
                          {
                            "App": [
                              {
                                "Var": {
                                  "Module": [
                                    9,
                                    4
                                  ]
                                }
                              },
                              {
                                "Var": {
                                  "Local": "n"
                                }
                              }
                            ]
                          },
                          {
                            "Literal": {
                              "Int": 1
                            }
                          }
                        ]
                      }
                    ],
                    [
                      {
                        "binders": [
                          {
                            "Literal": {
                              "Boolean": true
                            }
                          }
                        ],
                        "result": {
                          "Expression": {
                            "Literal": {
                              "Int": 1
                            }
                          }
                        }
                      },
                      {
                        "binders": [
                          {
                            "Literal": {
                              "Boolean": false
                            }
                          }
                        ],
                        "result": {
                          "Expression": {
                            "App": [
                              {
                                "App": [
                                  {
                                    "Var": {
                                      "Module": [
                                        9,
                                        2
                                      ]
                                    }
                                  },
                                  {
                                    "App": [
                                      {
                                        "Var": {
                                          "Module": [
                                            9,
                                            5
                                          ]
                                        }
                                      },
                                      {
                                        "App": [
                                          {
                                            "App": [
                                              {
                                                "Var": {
                                                  "Module": [
                                                    9,
                                                    3
                                                  ]
                                                }
                                              },
                                              {
                                                "Var": {
                                                  "Local": "n"
                                                }
                                              }
                                            ]
                                          },
                                          {
                                            "Literal": {
                                              "Int": 1
                                            }
                                          }
                                        ]
                                      }
                                    ]
                                  }
                                ]
                              },
                              {
                                "App": [
                                  {
                                    "Var": {
                                      "Module": [
                                        9,
                                        5
                                      ]
                                    }
                                  },
                                  {
                                    "App": [
                                      {
                                        "App": [
                                          {
                                            "Var": {
                                              "Module": [
                                                9,
                                                3
                                              ]
                                            }
                                          },
                                          {
                                            "Var": {
                                              "Local": "n"
                                            }
                                          }
                                        ]
                                      },
                                      {
                                        "Literal": {
                                          "Int": 2
                                        }
                                      }
                                    ]
                                  }
                                ]
                              }
                            ]
                          }
                        }
                      }
                    ]
                  ]
                }
              }
            }
          ]
        ]
      }
    ]
  }

data Maybe =
  | Nothing []
  | Just ["value0"]
